   Compiling risc0-circuit-recursion-zkrs v5.0.0 (/tmp/aura-c3-qualification/upstream/risc0-3bbcd44d6459b9ef6ac0df3846dc9215514934e8/risc0/circuit/recursion-zkrs)
   Compiling risc0-circuit-recursion-povw-zkrs v5.0.0 (/tmp/aura-c3-qualification/upstream/risc0-3bbcd44d6459b9ef6ac0df3846dc9215514934e8/risc0/circuit/recursion-povw-zkrs)
   Compiling malachite-q v0.4.22
   Compiling risc0-circuit-recursion v5.0.0 (/tmp/aura-c3-qualification/upstream/risc0-3bbcd44d6459b9ef6ac0df3846dc9215514934e8/risc0/circuit/recursion)
   Compiling derive_builder_core v0.20.2
   Compiling serde_with v3.23.0
   Compiling ark-snark v0.5.1
   Compiling toml v0.8.23
   Compiling merlin v3.0.0
   Compiling regex v1.13.1
   Compiling risc0-circuit-rv32im-sys v5.0.0 (/tmp/aura-c3-qualification/upstream/risc0-3bbcd44d6459b9ef6ac0df3846dc9215514934e8/risc0/circuit/rv32im-sys)
   Compiling derivative v2.2.0
   Compiling lazy-regex-proc_macros v3.6.1
   Compiling num_cpus v1.17.0
   Compiling ark-crypto-primitives-macros v0.5.0
   Compiling pastey v0.2.3
   Compiling erased-serde v0.4.10
   Compiling managed v0.8.0
   Compiling option-ext v0.2.0
   Compiling cpp_demangle v0.4.5
   Compiling object v0.36.7
   Compiling dirs-sys v0.5.0
   Compiling gdbstub v0.7.10
   Compiling ark-crypto-primitives v0.5.0
   Compiling liblzma v0.4.8
   Compiling lazy-regex v3.6.1
   Compiling rzup v0.6.0 (/tmp/aura-c3-qualification/upstream/risc0-3bbcd44d6459b9ef6ac0df3846dc9215514934e8/rzup)
   Compiling derive_builder_macro v0.20.2
   Compiling malachite-float v0.4.22
   Compiling risc0-circuit-rv32im v5.0.0 (/tmp/aura-c3-qualification/upstream/risc0-3bbcd44d6459b9ef6ac0df3846dc9215514934e8/risc0/circuit/rv32im)
   Compiling typeid v1.0.3
   Compiling zip v2.4.2
   Compiling ruzstd v0.7.3
   Compiling camino v1.2.5
   Compiling risc0-circuit-recursion-sys v5.0.0 (/tmp/aura-c3-qualification/upstream/risc0-3bbcd44d6459b9ef6ac0df3846dc9215514934e8/risc0/circuit/recursion-sys)
   Compiling enum-map v2.7.3
   Compiling risc0-zkos-common v5.0.0 (/tmp/aura-c3-qualification/upstream/risc0-3bbcd44d6459b9ef6ac0df3846dc9215514934e8/risc0/zkos/common)
   Compiling risc0-circuit-keccak v5.0.0 (/tmp/aura-c3-qualification/upstream/risc0-3bbcd44d6459b9ef6ac0df3846dc9215514934e8/risc0/circuit/keccak)
   Compiling safe_arch v0.7.4
   Compiling cargo-platform v0.1.9
   Compiling itertools v0.14.0
   Compiling memmap2 v0.9.11
   Compiling include_bytes_aligned v0.1.4
   Compiling no_std_strings v0.1.3
   Compiling fallible-iterator v0.3.0
   Compiling typetag v0.2.23
   Compiling gimli v0.31.1
   Compiling risc0-zkos-v1compat v5.0.0 (/tmp/aura-c3-qualification/upstream/risc0-3bbcd44d6459b9ef6ac0df3846dc9215514934e8/risc0/zkos/v1compat)
   Compiling prost-derive v0.13.5
   Compiling cargo_metadata v0.19.2
   Compiling wide v0.7.33
   Compiling malachite v0.4.22
   Compiling derive_builder v0.20.2
   Compiling ark-groth16 v0.5.0
   Compiling gdbstub_arch v0.3.3
   Compiling dirs v6.0.0
   Compiling risc0-circuit-keccak-sys v5.0.0 (/tmp/aura-c3-qualification/upstream/risc0-3bbcd44d6459b9ef6ac0df3846dc9215514934e8/risc0/circuit/keccak-sys)
   Compiling ark-bn254 v0.5.0
   Compiling bytes v1.12.1
   Compiling num-derive v0.4.2
   Compiling typetag-impl v0.2.23
   Compiling bit-vec v0.8.0
   Compiling docker-generate v0.1.3
   Compiling rustc-demangle v0.1.28
   Compiling risc0-zkvm v5.0.0 (/tmp/aura-c3-qualification/upstream/risc0-3bbcd44d6459b9ef6ac0df3846dc9215514934e8/risc0/zkvm)
   Compiling downcast-rs v1.2.1
   Compiling typed-arena v2.0.2
   Compiling ringbuffer v0.15.0
   Compiling inventory v0.3.24
   Compiling addr2line v0.24.2
   Compiling rrs-lib v0.1.0
   Compiling risc0-build v5.0.0 (/tmp/aura-c3-qualification/upstream/risc0-3bbcd44d6459b9ef6ac0df3846dc9215514934e8/risc0/build)
   Compiling prost v0.13.5
   Compiling risc0-groth16 v5.0.0 (/tmp/aura-c3-qualification/upstream/risc0-3bbcd44d6459b9ef6ac0df3846dc9215514934e8/risc0/groth16)
   Compiling matchers v0.2.0
   Compiling sharded-slab v0.1.7
   Compiling tracing-log v0.2.0
   Compiling bincode v1.3.3
   Compiling thread_local v1.1.10
   Compiling nu-ansi-term v0.50.3
   Compiling tracing-subscriber v0.3.23
   Compiling aura-c3-upstream-qualification v0.0.0 (/tmp/aura-c3-qualification/probe)
    Finished `release` profile [optimized] target(s) in 2m 37s
warning: the following packages contain code that will be rejected by a future version of Rust: block v0.1.6
note: to see what the problems were, use the option `--future-incompat-report`, or run `cargo report future-incompatibilities --id 1`
